{
  "version": "1.5.0",
  "plugins_used": [
    {
      "name": "ArtifactoryDetector"
    },
    {
      "name": "AWSKeyDetector"
    },
    {
      "name": "AzureStorageKeyDetector"
    },
    {
      "name": "Base64HighEntropyString",
      "limit": 4.5
    },
    {
      "name": "BasicAuthDetector"
    },
    {
      "name": "CloudantDetector"
    },
    {
      "name": "DiscordBotTokenDetector"
    },
    {
      "name": "GitHubTokenDetector"
    },
    {
      "name": "GitLabTokenDetector"
    },
    {
      "name": "HexHighEntropyString",
      "limit": 3.0
    },
    {
      "name": "IbmCloudIamDetector"
    },
    {
      "name": "IbmCosHmacDetector"
    },
    {
      "name": "IPPublicDetector"
    },
    {
      "name": "JwtTokenDetector"
    },
    {
      "name": "KeywordDetector",
      "keyword_exclude": ""
    },
    {
      "name": "MailchimpDetector"
    },
    {
      "name": "NpmDetector"
    },
    {
      "name": "OpenAIDetector"
    },
    {
      "name": "PrivateKeyDetector"
    },
    {
      "name": "PypiTokenDetector"
    },
    {
      "name": "SendGridDetector"
    },
    {
      "name": "SlackDetector"
    },
    {
      "name": "SoftlayerDetector"
    },
    {
      "name": "SquareOAuthDetector"
    },
    {
      "name": "StripeDetector"
    },
    {
      "name": "TelegramBotTokenDetector"
    },
    {
      "name": "TwilioKeyDetector"
    }
  ],
  "filters_used": [
    {
      "path": "detect_secrets.filters.allowlist.is_line_allowlisted"
    },
    {
      "path": "detect_secrets.filters.common.is_baseline_file",
      "filename": ".secrets.baseline"
    },
    {
      "path": "detect_secrets.filters.common.is_ignored_due_to_verification_policies",
      "min_level": 2
    },
    {
      "path": "detect_secrets.filters.heuristic.is_indirect_reference"
    },
    {
      "path": "detect_secrets.filters.heuristic.is_likely_id_string"
    },
    {
      "path": "detect_secrets.filters.heuristic.is_lock_file"
    },
    {
      "path": "detect_secrets.filters.heuristic.is_not_alphanumeric_string"
    },
    {
      "path": "detect_secrets.filters.heuristic.is_potential_uuid"
    },
    {
      "path": "detect_secrets.filters.heuristic.is_prefixed_with_dollar_sign"
    },
    {
      "path": "detect_secrets.filters.heuristic.is_sequential_string"
    },
    {
      "path": "detect_secrets.filters.heuristic.is_swagger_file"
    },
    {
      "path": "detect_secrets.filters.heuristic.is_templated_secret"
    }
  ],
  "results": {
    ".github\\skills\\factory-readiness\\scripts\\workflow_probes.mjs": [
      {
        "type": "Secret Keyword",
        "filename": ".github\\skills\\factory-readiness\\scripts\\workflow_probes.mjs",
        "hashed_secret": "e21797ed4d41e665f2fc8966c35c9dce13a19b28",
        "is_verified": false,
        "line_number": 214
      }
    ],
    "artifacts\\verification-continuation\\junit.xml": [
      {
        "type": "Basic Auth Credentials",
        "filename": "artifacts\\verification-continuation\\junit.xml",
        "hashed_secret": "ff55435345834a3fe224936776c2aa15f6ed5358",
        "is_verified": false,
        "line_number": 1
      }
    ],
    "artifacts\\verification-current\\junit.xml": [
      {
        "type": "Basic Auth Credentials",
        "filename": "artifacts\\verification-current\\junit.xml",
        "hashed_secret": "ff55435345834a3fe224936776c2aa15f6ed5358",
        "is_verified": false,
        "line_number": 1
      }
    ],
    "artifacts\\verification-final-current\\junit.xml": [
      {
        "type": "Basic Auth Credentials",
        "filename": "artifacts\\verification-final-current\\junit.xml",
        "hashed_secret": "ff55435345834a3fe224936776c2aa15f6ed5358",
        "is_verified": false,
        "line_number": 1
      }
    ],
    "config\\pilot.yaml": [
      {
        "type": "Secret Keyword",
        "filename": "config\\pilot.yaml",
        "hashed_secret": "403a23b81a345015cb6d72d45fd1b82e182876ee",
        "is_verified": false,
        "line_number": 21
      },
      {
        "type": "Secret Keyword",
        "filename": "config\\pilot.yaml",
        "hashed_secret": "71f8e7976e4cbc4561c9d62fb283e7f788202acb",
        "is_verified": false,
        "line_number": 35
      },
      {
        "type": "Secret Keyword",
        "filename": "config\\pilot.yaml",
        "hashed_secret": "82d2e670bc53f300c5944a56177f3c399135fa1e",
        "is_verified": false,
        "line_number": 39
      },
      {
        "type": "Secret Keyword",
        "filename": "config\\pilot.yaml",
        "hashed_secret": "fb372f12803bff5b9a93ebecde82d2a6999220d7",
        "is_verified": false,
        "line_number": 47
      }
    ],
    "src\\nokinc_factory\\policy\\release_signing.py": [
      {
        "type": "Base64 High Entropy String",
        "filename": "src\\nokinc_factory\\policy\\release_signing.py",
        "hashed_secret": "e582429052cdb908833560f6f7582d232de37c4d",
        "is_verified": false,
        "line_number": 32
      }
    ],
    "tests\\unit\\test_application_runtime.py": [
      {
        "type": "Basic Auth Credentials",
        "filename": "tests\\unit\\test_application_runtime.py",
        "hashed_secret": "5baa61e4c9b93f3f0682250b6cf8331b7ee68fd8",
        "is_verified": false,
        "line_number": 51
      },
      {
        "type": "Secret Keyword",
        "filename": "tests\\unit\\test_application_runtime.py",
        "hashed_secret": "789cbe0407840b1c2041cb33452ff60f19bf58cc",
        "is_verified": false,
        "line_number": 96
      }
    ],
    "tests\\unit\\test_container_contract.py": [
      {
        "type": "Hex High Entropy String",
        "filename": "tests\\unit\\test_container_contract.py",
        "hashed_secret": "fa492d20465a163faec968ad92a8c1f0fbf1d01c",
        "is_verified": false,
        "line_number": 13
      },
      {
        "type": "Hex High Entropy String",
        "filename": "tests\\unit\\test_container_contract.py",
        "hashed_secret": "b3e1312fc6c7480e7d863bc8abe8e8f443d44d79",
        "is_verified": false,
        "line_number": 18
      }
    ],
    "tests\\unit\\test_github_app_broker.py": [
      {
        "type": "Secret Keyword",
        "filename": "tests\\unit\\test_github_app_broker.py",
        "hashed_secret": "e154d41f5448fa6fea31c4bfc0eca873eb60028b",
        "is_verified": false,
        "line_number": 140
      }
    ],
    "tests\\unit\\test_github_repository_reader.py": [
      {
        "type": "Secret Keyword",
        "filename": "tests\\unit\\test_github_repository_reader.py",
        "hashed_secret": "85d156d06d2a6f4a7a9fa12a8cdfc3b56a53fcee",
        "is_verified": false,
        "line_number": 238
      }
    ],
    "tests\\unit\\test_model_providers.py": [
      {
        "type": "Secret Keyword",
        "filename": "tests\\unit\\test_model_providers.py",
        "hashed_secret": "90edd0fab49d6754ff0b82814cb82305a7b5bb36",
        "is_verified": false,
        "line_number": 294
      }
    ],
    "tests\\unit\\test_oidc_auth.py": [
      {
        "type": "Basic Auth Credentials",
        "filename": "tests\\unit\\test_oidc_auth.py",
        "hashed_secret": "5baa61e4c9b93f3f0682250b6cf8331b7ee68fd8",
        "is_verified": false,
        "line_number": 122
      }
    ]
  },
  "generated_at": "2026-09-28T22:45:12Z"
}
